// Jest Snapshot v1, https://goo.gl/fbAQLP

exports[`SignUp Form should render properly 1`] = `
<div
  boxSizing="border-box"
  onLoginSuccess={[Function]}
>
  <div
    boxSizing="border-box"
  >
    <div
      boxSizing="border-box"
    >
      <TextInput
        accessibilityLabel="signup-email-input"
        autoCapitalize="none"
        color="rgba(255,255,255,1.00)"
        focusable={true}
        fontSize={20}
        onBlur={[Function]}
        onChangeText={[Function]}
        outlineWidth={0}
        placeholder="auth:email"
        placeholderTextColor="rgba(255,255,255,0.60)"
        selectionColor="black"
        underlineColorAndroid="transparent"
        value=""
      />
    </div>
    <div
      boxSizing="border-box"
      pointerEvents="none"
    />
    <div
      boxSizing="border-box"
    >
      <TextInput
        accessibilityLabel="signup-first-name-input"
        autoCapitalize="none"
        color="rgba(255,255,255,1.00)"
        focusable={true}
        fontSize={20}
        onBlur={[Function]}
        onChangeText={[Function]}
        outlineWidth={0}
        placeholder="sign_up_form:first_name"
        placeholderTextColor="rgba(255,255,255,0.60)"
        selectionColor="black"
        underlineColorAndroid="transparent"
        value=""
      />
    </div>
    <div
      boxSizing="border-box"
      pointerEvents="none"
    />
    <div
      boxSizing="border-box"
    >
      <TextInput
        accessibilityLabel="signup-last-name-input"
        autoCapitalize="none"
        color="rgba(255,255,255,1.00)"
        focusable={true}
        fontSize={20}
        onBlur={[Function]}
        onChangeText={[Function]}
        outlineWidth={0}
        placeholder="sign_up_form:last_name"
        placeholderTextColor="rgba(255,255,255,0.60)"
        selectionColor="black"
        underlineColorAndroid="transparent"
        value=""
      />
    </div>
    <div
      boxSizing="border-box"
      pointerEvents="none"
    />
    <div
      boxSizing="border-box"
    >
      <TextInput
        accessibilityLabel="signup-password-input"
        autoCapitalize="none"
        color="rgba(255,255,255,1.00)"
        focusable={true}
        fontSize={20}
        onBlur={[Function]}
        onChangeText={[Function]}
        onFocus={[Function]}
        outlineWidth={0}
        placeholder="auth:password"
        placeholderTextColor="rgba(255,255,255,0.60)"
        secureTextEntry={true}
        selectionColor="black"
        underlineColorAndroid="transparent"
        value=""
      />
      <div
        boxSizing="border-box"
      >
        <Text
          accessible={true}
          allowFontScaling={false}
          focusable={true}
          onClick={[Function]}
          onResponderGrant={[Function]}
          onResponderMove={[Function]}
          onResponderRelease={[Function]}
          onResponderTerminate={[Function]}
          onResponderTerminationRequest={[Function]}
          onStartShouldSetResponder={[Function]}
          selectable={false}
          style={
            [
              {
                "color": "#FFFFFF",
                "fontSize": 24,
              },
              undefined,
              {
                "fontFamily": "FontAwesome",
                "fontStyle": "normal",
                "fontWeight": "normal",
              },
              {},
            ]
          }
        >
          ÔÅ∞
        </Text>
      </div>
    </div>
  </div>
  <span
    fontFamily="System"
    suppressHighlighting={true}
  >
    password_requirements:must_include
  </span>
  <View>
    <View
      testID="password_requirements:at_least_characters"
    >
      <View>
        x
      </View>
      <span
        fontFamily="System"
        suppressHighlighting={true}
      >
        password_requirements:at_least_characters
      </span>
    </View>
    <View
      testID="password_requirements:no_blank_spaces"
    >
      <View>
        x
      </View>
      <span
        fontFamily="System"
        suppressHighlighting={true}
      >
        password_requirements:no_blank_spaces
      </span>
    </View>
  </View>
  <View
    accessibilityLabel="sign_up-button"
    accessibilityState={
      {
        "disabled": false,
      }
    }
    accessible={true}
    collapsable={false}
    focusable={true}
    onClick={[Function]}
    onResponderGrant={[Function]}
    onResponderMove={[Function]}
    onResponderRelease={[Function]}
    onResponderTerminate={[Function]}
    onResponderTerminationRequest={[Function]}
    onStartShouldSetResponder={[Function]}
    style={
      {
        "opacity": 1,
      }
    }
  >
    <div
      boxSizing="border-box"
    >
      <span
        fontFamily="System"
        suppressHighlighting={true}
      >
        sign_up_form:sign_up
      </span>
    </div>
  </View>
</div>
`;
